[2026-01-12 17:36:48]
Original:
10101100111101001011010100010011011001111110000001111100000001100110100011011100110101010010010110011111000000010111101100100100

Received:
10101110011110100101101010001001101100111111000000111110000000110011011001110111001101010100100101100111110000000101111011001001

Key length:      128 bits
Received length: 130 bits
Compared:        128 bits

✗ 59 bit errors detected
First 16 mismatches at bit positions:
  bit 6: rx=1 key=0
  bit 8: rx=0 key=1
  bit 12: rx=1 key=0
  bit 13: rx=0 key=1
  bit 14: rx=1 key=0
  bit 16: rx=0 key=1
  bit 17: rx=1 key=0
  bit 18: rx=0 key=1
  bit 20: rx=1 key=0
  bit 21: rx=0 key=1
  bit 22: rx=1 key=0
  bit 23: rx=0 key=1
  bit 24: rx=1 key=0
  bit 27: rx=0 key=1
  bit 28: rx=1 key=0
  bit 30: rx=0 key=1
